// Jest Snapshot v1, https://goo.gl/fbAQLP

exports[`ChannelLive render correctly 1`] = `
<channel-live
  feedId="id"
  finderUserName=""
/>
`;
