// Jest Snapshot v1, https://goo.gl/fbAQLP

exports[`RootPortal render correctly 1`] = `
<root-portal
  enable={true}
/>
`;
