// Jest Snapshot v1, https://goo.gl/fbAQLP

exports[`Snapshot render correctly 1`] = `
<snapshot
  mode="view"
/>
`;
